[localhost/wordpress/index.html]
[backblue.gif]
[fade.gif]
[index.html]
[localhost/wordpress/wp-includes/css/dist/block-library/style.mind03b.css]
[localhost/wordpress/wp-content/themes/twentytwenty/style7ef2.css]
[localhost/wordpress/feed/index.html]
[localhost/wordpress/wp-content/themes/twentytwenty/print7ef2.css]
[localhost/wordpress/wp-content/themes/twentytwenty/assets/js/index7ef2.js]
[localhost/wordpress/wp-json/wp/v2/pages/12.json]
[localhost/wordpress/xmlrpc0db0.php]
[localhost/wordpress/comments/feed/index.html]
[localhost/wordpress/wp-includes/wlwmanifest.xml]
[localhost/wordpress/wp-json/oembed/1.0/embed68f4.json]
[localhost/wordpress/wp-json/oembed/1.0/embedd248]
[localhost/wordpress/wp-content/uploads/2020/09/2020-landscape-1-1.png]
[localhost/wordpress/wp-json/index.html]
[localhost/wordpress/wp-content/themes/twentytwenty/assets/images/2020-three-quarters-1.png]
[localhost/wordpress/wp-content/themes/twentytwenty/assets/images/2020-three-quarters-3.png]
[localhost/wordpress/about/index.html]
[localhost/wordpress/wp-content/themes/twentytwenty/assets/images/2020-three-quarters-2.png]
[localhost/wordpress/blog/index.html]
[localhost/wordpress/wp-content/themes/twentytwenty/assets/images/2020-three-quarters-4.png]
[localhost/wordpress/wp-content/themes/twentytwenty/assets/images/2020-landscape-2.png]
[localhost/wordpress/wp-content/themes/twentytwenty/assets/images/2020-square-2.png]
[localhost/wordpress/contact/index.html]
[localhost/wordpress/wp-content/themes/twentytwenty/assets/images/2020-square-1.png]
[localhost/wordpress/sample-page/index.html]
[localhost/wordpress/index.html]
[localhost/wordpress/wp-includes/js/wp-embed.mind03b.js]
[localhost/wordpress/wp-includes/css/dist/block-library/style.mind03b.css]
[localhost/wordpress/wp-content/themes/twentytwenty/assets/fonts/inter/Inter-upright-var.woff2]
[localhost/wordpress/wp-content/themes/twentytwenty/style7ef2.css]
[localhost/wordpress/wp-content/themes/twentytwenty/assets/fonts/inter/Inter-italic-var.woff2]
[localhost/wordpress/wp-content/themes/twentytwenty/print7ef2.css]
[localhost/wordpress/wp-json/wp/v2/pages/13.json]
[localhost/wordpress/wp-json/oembed/1.0/embed4c30.json]
[localhost/wordpress/about/index.html]
[localhost/wordpress/wp-json/oembed/1.0/embed8435]
[localhost/wordpress/blog/index.html]
[localhost/wordpress/wp-json/wp/v2/pages/14.json]
[localhost/wordpress/category/uncategorized/index.html]
[localhost/wordpress/author/admin/index.html]
[localhost/wordpress/2020/09/16/hello-world/index.html]
[localhost/wordpress/wp-json/oembed/1.0/embed9bba.json]
[localhost/wordpress/contact/index.html]
[localhost/wordpress/wp-json/oembed/1.0/embeda399]
[localhost/wordpress/wp-json/wp/v2/pages/2.json]
[localhost/wordpress/sample-page/feed/index.html]
[localhost/wordpress/wp-json/oembed/1.0/embed19c7.json]
[localhost/wordpress/sample-page/index.html]
[localhost/wordpress/wp-json/oembed/1.0/embed8b1f]
[localhost/wordpress/index2dc4.html]
[localhost/wordpress/wp-json/wp/v2/categories/1.json]
[localhost/wordpress/category/uncategorized/index.html]
[localhost/wordpress/category/uncategorized/feed/index.html]
[localhost/wordpress/2020/09/16/hello-world/feed/index.html]
[localhost/wordpress/wp-json/wp/v2/posts/1.json]
[localhost/wordpress/wp-json/oembed/1.0/embed9614.json]
[localhost/wordpress/wp-json/oembed/1.0/embed2ad9]
[localhost/wordpress/wp-includes/js/comment-reply.mind03b.js]
[localhost/wordpress/2020/09/16/hello-world/index.html]
[localhost/wordpress/wp-json/wp/v2/users/1.json]
[localhost/wordpress/author/admin/index.html]
[localhost/wordpress/index0b69.html]
[localhost/wordpress/index905b.html]
[localhost/wordpress/author/admin/feed/index.html]
[localhost/wordpress/2020/09/16/hello-world/index6809.html]
[localhost/wordpress/wp-login699e.html]
[localhost/wordpress/wp-admin/index.html]
[localhost/wordpress/indexcff1.html]
[localhost/wordpress/2020/09/16/hello-world/index6809.html]
[localhost/wordpress/wp-includes/css/dashicons.mind03b.css]
[localhost/wordpress/wp-includes/css/buttons.mind03b.css]
[localhost/wordpress/wp-admin/css/forms.mind03b.css]
[localhost/wordpress/wp-admin/css/l10n.mind03b.css]
[localhost/wordpress/wp-admin/css/login.mind03b.css]
[localhost/wordpress/wp-loginc2b6.html]
[localhost/wordpress/wp-includes/js/zxcvbn-async.min5152.js]
[localhost/wordpress/wp-includes/js/dist/vendor/wp-polyfill-node-contains.min2e00.js]
[localhost/wordpress/wp-includes/js/dist/vendor/wp-polyfill-fetch.min6e0e.js]
[localhost/wordpress/wp-includes/js/dist/vendor/wp-polyfill-dom-rect.min2e00.js]
[localhost/wordpress/wp-includes/js/dist/vendor/wp-polyfill-formdata.mine9bd.js]
[localhost/wordpress/wp-includes/js/dist/vendor/wp-polyfill-element-closest.min4c56.js]
[localhost/wordpress/wp-includes/js/jquery/jquery4a5f.js]
[localhost/wordpress/wp-admin/js/password-strength-meter.mind03b.js]
[localhost/wordpress/wp-includes/js/dist/i18n.min77be.js]
[localhost/wordpress/wp-includes/js/wp-util.mind03b.js]
[localhost/wordpress/wp-includes/js/dist/vendor/wp-polyfill-url.min5aed.js]
[localhost/wordpress/wp-login699e.html]
[localhost/wordpress/wp-includes/js/underscore.min4511.js]
[localhost/wordpress/wp-admin/js/user-profile.mind03b.js]
[localhost/wordpress/wp-includes/fonts/dashicons7d4b.eot]
[localhost/wordpress/wp-includes/fonts/dashicons7d4b.ttf]
[localhost/wordpress/wp-includes/css/dashicons.mind03b.css]
[localhost/wordpress/wp-includes/css/buttons.mind03b.css]
[localhost/wordpress/wp-admin/images/loading.gif]
[localhost/wordpress/wp-includes/js/dist/vendor/wp-polyfill.min89b1.js]
[localhost/wordpress/wp-admin/css/forms.mind03b.css]
[localhost/wordpress/wp-admin/css/l10n.mind03b.css]
[localhost/wordpress/wp-admin/images/w-logo-blue7a53.png]
[localhost/wordpress/wp-admin/css/login.mind03b.css]
[localhost/wordpress/wp-login.html]
[localhost/wordpress/wp-loginc2b6.html]
[localhost/wordpress/wp-admin/images/wordpress-logo7d6b.svg]
[localhost/wordpress/wp-login.html]
